     1                                 %line 1+1 main.asm
     2                                 
     3                                 
     4                                 
     5                                 
     6                                 
     7                                 
     8                                 [global _main]
     9                                 
    10                                 [extern printf]
    11                                 [extern puts]
    12                                 
    13                                 
    14                                 [extern SDL_Init]
    15                                 [extern SDL_Quit]
    16                                 [extern SDL_SetVideoMode]
    17                                 [extern SDL_Delay]
    18                                 
    19                                 [section .data]
    20 00000000 FFFF000000000000        INIT_EVERYTHING: dq 0x0000FFFF
    21 00000008 0100000000000000        HW_SURFACE: dq 0x00000001
    22 00000010 0000004000000000        DOUBLE_BUFFER: dq 0x40000000
    23 00000018 2C01000000000000        WIDTH: dq 300
    24 00000020 C800000000000000        HEIGHT: dq 200
    25                                 
    26 00000028 73646C696E69742077-     sdlinit_success: db "sdlinit was successful", 0x0
    27 00000028 617320737563636573-
    28 00000028 7366756C00         
    29 0000003F 73646C696E69742072-     sdlinit_format: db "sdlinit returned: %d", 0xA, 0x0
    30 0000003F 657475726E65643A20-
    31 0000003F 25640A00           
    32 00000055 73637265656E207769-     screensize: db "screen width: %d, screen height: %d", 0xA, 0x0
    33 00000055 6474683A2025642C20-
    34 00000055 73637265656E206865-
    35 00000055 696768743A2025640A-
    36 00000055 00                 
    37                                 
    38                                 [section .text]
    39                                 _main:
    40                                 
    41                                 
    42                                 
    43 00000000 53                      push rbx
    44                                 
    45 00000001 48C7C7[00000000]        mov rdi, INIT_EVERYTHING
    46                                 
    47 00000008 E8(F6FFFFFF)            call SDL_Init
    48                                 
    49                                 
    50 0000000D 48C7C7[00000000]        mov rdi, sdlinit_format
    51 00000014 4889C6                  mov rsi, rax
    52 00000017 E8(F6FFFFFF)            call printf
    53                                 
    54 0000001C 4883F8FF                cmp rax, -1
    55 00000020 745D                    jz cleanup
    56                                 
    57                                 
    58 00000022 48C7C7[00000000]        mov rdi, screensize
    59 00000029 488B3425[00000000]      mov rsi, [WIDTH]
    60 00000031 488B1425[00000000]      mov rdx, [HEIGHT]
    61 00000039 E8(F6FFFFFF)            call printf
    62                                 
    63                                 
    64 0000003E 488B3C25[00000000]      mov rdi, [WIDTH]
    65 00000046 488B3425[00000000]      mov rsi, [HEIGHT]
    66 0000004E 48C7C220000000          mov rdx, DWORD 32
    67 00000055 488B0C25[00000000]      mov rcx, [HW_SURFACE]
    68 0000005D 480B0C25[00000000]      or rcx, [DOUBLE_BUFFER]
    69                                 
    70                                 
    71 00000065 E8(F6FFFFFF)            call SDL_SetVideoMode
    72                                 
    73                                 
    74 0000006A 4889C3                  mov rbx, rax
    75                                 
    76 0000006D 48BFB80B0000000000-     mov rdi, QWORD 3000
    77 0000006D 00                 
    78 00000077 E8(F6FFFFFF)            call SDL_Delay
    79                                 
    80                                 
    81 0000007C E8(F6FFFFFF)            call SDL_Quit
    82                                 
    83                                  cleanup:
    84                                 
    85 00000081 48C7C0280A0000          mov rax, 2600
    86 00000088 5B                      pop rbx
    87 00000089 C3                      ret
