     1                                 %line 1+1 sobel_simd/main.asm
     2                                 
     3                                 
     4                                 
     5                                 
     6                                 
     7                                 
     8                                 
     9                                 
    10                                 
    11                                 
    12                                 
    13                                 
    14                                 
    15                                 
    16                                 
    17                                 
    18                                 
    19                                 
    20                                 
    21                                 
    22                                 [extern printf]
    23                                 
    24                                 [global apply_simd_sobel]
    25                                 
    26                                 
    27                                 [section .data]
    28                                 [align 32]
    29 00000000 000000000000F0BF00-     sobelr0: dq -1.0, -2.0, -1.0, 0.0
    30 00000000 000000000000C00000-
    31 00000000 00000000F0BF000000-
    32 00000000 0000000000         
    33                                 [align 32]
    34 00000020 000000000000000000-     sobelr1: dq 0.0, 0.0, 0.0, 0.0
    35 00000020 000000000000000000-
    36 00000020 000000000000000000-
    37 00000020 0000000000         
    38                                 [align 32]
    39 00000040 000000000000F03F00-     sobelr2: dq 1.0, 2.0, 1.0, 0.0
    40 00000040 000000000000400000-
    41 00000040 00000000F03F000000-
    42 00000040 0000000000         
    43                                 
    44                                 [align 32]
    45 00000060 000000000000000000-     sobelr0_shr: dq 0.0, -1.0, -2.0, -1.0
    46 00000060 0000000000F0BF0000-
    47 00000060 0000000000C0000000-
    48 00000060 000000F0BF         
    49                                 [align 32]
    50 00000080 000000000000000000-     sobelr1_shr: dq 0.0, 0.0, 0.0, 0.0
    51 00000080 000000000000000000-
    52 00000080 000000000000000000-
    53 00000080 0000000000         
    54                                 [align 32]
    55 000000A0 000000000000000000-     sobelr2_shr: dq 0.0, 1.0, 2.0, 1.0
    56 000000A0 0000000000F03F0000-
    57 000000A0 000000000040000000-
    58 000000A0 000000F03F         
    59                                 
    60 000000C0 5074723A2025700A00      print_pointer: db "Ptr: %p", 0xA, 0x0
    61                                 
    62                                 [section .text]
    63                                 apply_simd_sobel:
    64                                 
    65 00000000 55                      push rbp
    66 00000001 4889E5                  mov rbp, rsp
    67 00000004 4883EC48                sub rsp, 72
    68                                 
    69                                 
    70                                 
    71                                 
    72                                 
    73                                 
    74                                 
    75                                 
    76                                 
    77                                 
    78 00000008 4883FA03                cmp rdx, 3
    79 0000000C 0F8CFA000000            jl clean_and_return
    80 00000012 4883F903                cmp rcx, 3
    81 00000016 0F8CF0000000            jl clean_and_return
    82                                 
    83                                 
    84                                 
    85                                 
    86                                 
    87                                 
    88                                 
    89                                 
    90 0000001C 4883EA02                sub rdx, 2
    91 00000020 4883E902                sub rcx, 2
    92 00000024 48C1E103                shl rcx, 3
    93                                 
    94                                 
    95 00000028 4801CE                  add rsi, rcx
    96 0000002B 4883C618                add rsi, 24
    97                                 
    98 0000002F 4D31C0                  xor r8, r8
    99                                 
   100                                 
   101                                 
   102 00000032 C5FD280425[00000000]      vmovapd ymm0, [sobelr0]
   103 0000003B C5FD280C25[00000000]      vmovapd ymm1, [sobelr1]
   104 00000044 C5FD281425[00000000]      vmovapd ymm2, [sobelr2]
   105                                 
   106 0000004D C5FD281C25[00000000]      vmovapd ymm3, [sobelr0_shr]
   107 00000056 C5FD282425[00000000]      vmovapd ymm4, [sobelr1_shr]
   108 0000005F C5FD282C25[00000000]      vmovapd ymm5, [sobelr2_shr]
   109                                 
   110                                  outer_loop:
   111                                 
   112 00000068 4D31C9                  xor r9, r9
   113                                 
   114                                  inner_loop:
   115                                 
   116                                 
   117                                 
   118                                 
   119                                 
   120                                 
   121 0000006B 4989FA                  mov r10, rdi
   122                                 
   123 0000006E C4C17D1032              vmovupd ymm6, [r10]
   124                                 
   125 00000073 4D8D540A10              lea r10, [r10 + 1*rcx + 16]
   126 00000078 C4C17D103A              vmovupd ymm7, [r10]
   127                                 
   128 0000007D 4D8D540A10              lea r10, [r10 + 1*rcx + 16]
   129 00000082 C4417D1002              vmovupd ymm8, [r10]
   130                                 
   131                                 
   132 00000087 C57D28CE                vmovapd ymm9, ymm6
   133 0000008B C57D28D7                vmovapd ymm10, ymm7
   134 0000008F C4417D28D8              vmovapd ymm11, ymm8
   135                                 
   136                                 
   137                                 
   138                                 
   139                                 
   140                                 
   141                                 
   142 00000094 C5CD59F0                vmulpd ymm6, ymm0
   143 00000098 C5C559F9                vmulpd ymm7, ymm1
   144 0000009C C53D59C2                vmulpd ymm8, ymm2
   145                                 
   146 000000A0 C53559CB                vmulpd ymm9, ymm3
   147 000000A4 C52D59D4                vmulpd ymm10, ymm4
   148 000000A8 C52559DD                vmulpd ymm11, ymm5
   149                                 
   150 000000AC C53D58C6                vaddpd ymm8, ymm6
   151 000000B0 C53D58C7                vaddpd ymm8, ymm7
   152                                 
   153 000000B4 C4412558D9              vaddpd ymm11, ymm9
   154 000000B9 C4412558DA              vaddpd ymm11, ymm10
   155                                 
   156                                 
   157                                 
   158                                 
   159                                 
   160                                 
   161                                 
   162                                 
   163 000000BE 66440F58C6              addpd xmm8, xmm6
   164 000000C3 66450F58D9              addpd xmm11, xmm9
   165                                 
   166 000000C8 C4C3FD00F801            vpermq ymm7, ymm8, 0x01
   167 000000CE C443FD00D301            vpermq ymm10, ymm11, 0x01
   168                                 
   169 000000D4 F2440F58C7              addsd xmm8, xmm7
   170 000000D9 F2450F58DA              addsd xmm11, xmm10
   171                                 
   172                                 
   173                                 
   174                                 
   175                                 
   176                                 
   177                                 
   178                                 
   179                                 
   180                                 
   181                                 
   182 000000DE F2440F1106              movsd [rsi], xmm8
   183 000000E3 F2440F115E08            movsd [rsi+8], xmm11
   184                                 
   185 000000E9 4883C710                add rdi, 16
   186 000000ED 4883C610                add rsi, 16
   187                                 
   188                                 
   189 000000F1 4983C108                add r9, 8
   190 000000F5 4939C9                  cmp r9, rcx
   191 000000F8 0F8C67FFFFFF            jl inner_loop
   192                                 
   193                                 
   194 000000FE 4883C710                add rdi, 16
   195 00000102 4883C610                add rsi, 16
   196                                 
   197                                 
   198 00000106 49FFC0                  inc r8
   199 00000109 4C39C2                  cmp rdx, r8
   200 0000010C 0F8550FFFFFF            jne outer_loop
   201                                 
   202                                  clean_and_return:
   203                                 
   204 00000112 4883C448                add rsp, 72
   205 00000116 5D                      pop rbp
   206 00000117 48C7C001000000          mov rax, 1
   207 0000011E C3                      ret
   208                                 
   209                                 
   210                                  invalid_image_size:
   211                                 
   212                                 
   213                                 
   214 0000011F EBEF                    jmp clean_and_return
   215                                 
   216                                  print_pointer_subroutine:
   217 00000121 55                      push rbp
   218 00000122 4889E5                  mov rbp, rsp
   219 00000125 4883EC50                sub rsp, 80
   220                                 
   221 00000129 48897C2408              mov [rsp+8], rdi
   222 0000012E 4889742410              mov [rsp+16], rsi
   223 00000133 4889542418              mov [rsp+24], rdx
   224 00000138 48894C2420              mov [rsp+32], rcx
   225 0000013D 4C89442428              mov [rsp+40], r8
   226 00000142 4C894C2430              mov [rsp+48], r9
   227 00000147 4C89542438              mov [rsp+56], r10
   228 0000014C 4C895C2440              mov [rsp+64], r11
   229                                 
   230 00000151 48C7C7[00000000]        mov rdi, print_pointer
   231 00000158 488B742408              mov rsi, [rsp+8]
   232 0000015D E8(F6FFFFFF)            call printf
   233                                 
   234 00000162 488B7C2408              mov rdi, [rsp+8]
   235 00000167 488B742410              mov rsi, [rsp+16]
   236 0000016C 488B542418              mov rdx, [rsp+24]
   237 00000171 488B4C2420              mov rcx, [rsp+32]
   238 00000176 4C8B442428              mov r8, [rsp+40]
   239 0000017B 4C8B4C2430              mov r9, [rsp+48]
   240 00000180 4C8B542438              mov r10, [rsp+56]
   241 00000185 4C8B5C2440              mov r11, [rsp+64]
   242                                 
   243 0000018A 4883C450                add rsp, 80
   244 0000018E 5D                      pop rbp
   245 0000018F C3                      ret
