     1                                 %line 1+1 main.asm
     2                                 
     3                                 
     4                                 
     5                                 
     6                                 
     7                                 [extern printf]
     8                                 [extern apply_gp_sobel]
     9                                 [extern apply_simd_sobel]
    10                                 [global sobel]
    11                                 
    12                                 [section .data]
    13 00000000 [0000000000000000]-     jump_lut: dq apply_gp_sobel, apply_simd_sobel
    14 00000000 [0000000000000000] 
    15                                 
    16                                 [section .text]
    17                                 sobel:
    18 00000000 55                      push rbp
    19 00000001 4889E5                  mov rbp, rsp
    20                                 
    21                                 
    22                                 
    23                                 
    24                                 
    25                                 
    26                                 
    27                                 
    28                                 
    29                                 
    30                                 
    31 00000004 4983F802                cmp r8, 2
    32 00000008 7D09                    jge end_sobel
    33 0000000A 49C1E003                shl r8, 3
    34 0000000E 4981C0[00000000]        add r8, jump_lut
    35                                 
    36                                  end_sobel:
    37 00000015 5D                      pop rbp
    38 00000016 C3                      ret
