     1                                 %line 1+1 sobel_simd/main.asm
     2                                 
     3                                 
     4                                 
     5                                 
     6                                 
     7                                 
     8                                 
     9                                 
    10                                 
    11                                 
    12                                 
    13                                 
    14                                 
    15                                 
    16                                 
    17                                 
    18                                 
    19                                 
    20                                 
    21                                 
    22                                 [extern printf]
    23                                 
    24                                 [global apply_simd_sobel]
    25                                 
    26                                 
    27                                 [section .data]
    28                                 [align 32]
    29 00000000 000000000000F0BF00-     sobelr0: dq -1.0, -2.0, -1.0, 0.0
    30 00000000 000000000000C00000-
    31 00000000 00000000F0BF000000-
    32 00000000 0000000000         
    33                                 [align 32]
    34 00000020 000000000000000000-     sobelr1: dq 0.0, 0.0, 0.0, 0.0
    35 00000020 000000000000000000-
    36 00000020 000000000000000000-
    37 00000020 0000000000         
    38                                 [align 32]
    39 00000040 000000000000F03F00-     sobelr2: dq 1.0, 2.0, 1.0, 0.0
    40 00000040 000000000000400000-
    41 00000040 00000000F03F000000-
    42 00000040 0000000000         
    43                                 
    44                                 [align 32]
    45 00000060 000000000000000000-     sobelr0_shr: dq 0.0, -1.0, -2.0, -1.0
    46 00000060 0000000000F0BF0000-
    47 00000060 0000000000C0000000-
    48 00000060 000000F0BF         
    49                                 [align 32]
    50 00000080 000000000000000000-     sobelr1_shr: dq 0.0, 0.0, 0.0, 0.0
    51 00000080 000000000000000000-
    52 00000080 000000000000000000-
    53 00000080 0000000000         
    54                                 [align 32]
    55 000000A0 000000000000000000-     sobelr2_shr: dq 0.0, 1.0, 2.0, 1.0
    56 000000A0 0000000000F03F0000-
    57 000000A0 000000000040000000-
    58 000000A0 000000F03F         
    59                                 
    60 000000C0 5074723A2025700A00      print_pointer: db "Ptr: %p", 0xA, 0x0
    61                                 
    62                                 [section .text]
    63                                 apply_simd_sobel:
    64                                 
    65 00000000 55                      push rbp
    66 00000001 4889E5                  mov rbp, rsp
    67 00000004 4883EC48                sub rsp, 72
    68                                 
    69                                 
    70                                 
    71                                 
    72                                 
    73                                 
    74                                 
    75                                 
    76                                 
    77                                 
    78 00000008 4883FA03                cmp rdx, 3
    79 0000000C 0F8C06010000            jl clean_and_return
    80 00000012 4883F903                cmp rcx, 3
    81 00000016 0F8CFC000000            jl clean_and_return
    82                                 
    83                                 
    84                                 
    85 0000001C 4883EA02                sub rdx, 2
    86 00000020 4883E902                sub rcx, 2
    87 00000024 48C1E103                shl rcx, 3
    88                                 
    89                                 
    90 00000028 4801CE                  add rsi, rcx
    91 0000002B 4883C618                add rsi, 24
    92                                 
    93 0000002F 4D31C0                  xor r8, r8
    94                                 
    95                                 
    96                                 
    97 00000032 C5FD280425[00000000]      vmovapd ymm0, [sobelr0]
    98 0000003B C5FD280C25[00000000]      vmovapd ymm1, [sobelr1]
    99 00000044 C5FD281425[00000000]      vmovapd ymm2, [sobelr2]
   100                                 
   101 0000004D C5FD281C25[00000000]      vmovapd ymm3, [sobelr0_shr]
   102 00000056 C5FD282425[00000000]      vmovapd ymm4, [sobelr1_shr]
   103 0000005F C5FD282C25[00000000]      vmovapd ymm5, [sobelr2_shr]
   104                                 
   105                                  outer_loop:
   106                                 
   107 00000068 4D31C9                  xor r9, r9
   108                                 
   109                                  inner_loop:
   110                                 
   111                                 
   112                                 
   113                                 
   114                                 
   115                                 
   116 0000006B 4989FA                  mov r10, rdi
   117                                 
   118 0000006E C4C17D1032              vmovupd ymm6, [r10]
   119                                 
   120 00000073 4D8D540A10              lea r10, [r10 + 1*rcx + 16]
   121 00000078 C4C17D103A              vmovupd ymm7, [r10]
   122                                 
   123 0000007D 4D8D540A10              lea r10, [r10 + 1*rcx + 16]
   124 00000082 C4417D1002              vmovupd ymm8, [r10]
   125                                 
   126                                 
   127 00000087 C57D28CE                vmovapd ymm9, ymm6
   128 0000008B C57D28D7                vmovapd ymm10, ymm7
   129 0000008F C4417D28D8              vmovapd ymm11, ymm8
   130                                 
   131                                 
   132                                 
   133                                 
   134                                 
   135                                 
   136                                 
   137 00000094 C5CD59F0                vmulpd ymm6, ymm0
   138 00000098 C5C559F9                vmulpd ymm7, ymm1
   139 0000009C C53D59C2                vmulpd ymm8, ymm2
   140                                 
   141 000000A0 C53559CB                vmulpd ymm9, ymm3
   142 000000A4 C52D59D4                vmulpd ymm10, ymm4
   143 000000A8 C52559DD                vmulpd ymm11, ymm5
   144                                 
   145 000000AC C53D58C6                vaddpd ymm8, ymm6
   146 000000B0 C53D58C7                vaddpd ymm8, ymm7
   147                                 
   148 000000B4 C4412558D9              vaddpd ymm11, ymm9
   149 000000B9 C4412558DA              vaddpd ymm11, ymm10
   150                                 
   151                                 
   152                                 
   153                                 
   154                                 
   155 000000BE C4637D39C601            vextracti128 xmm6, ymm8, 1
   156 000000C4 C4437D39D901            vextracti128 xmm9, ymm11, 1
   157                                 
   158 000000CA 66440F58C6              addpd xmm8, xmm6
   159 000000CF 66450F58D9              addpd xmm11, xmm9
   160                                 
   161 000000D4 C4C3FD00F801            vpermq ymm7, ymm8, 0x01
   162 000000DA C443FD00D301            vpermq ymm10, ymm11, 0x01
   163                                 
   164 000000E0 F2440F58C7              addsd xmm8, xmm7
   165 000000E5 F2450F58DA              addsd xmm11, xmm10
   166                                 
   167 000000EA F2440F1106              movsd [rsi], xmm8
   168 000000EF F2440F115E08            movsd [rsi+8], xmm11
   169                                 
   170 000000F5 4883C710                add rdi, 16
   171 000000F9 4883C610                add rsi, 16
   172                                 
   173                                 
   174 000000FD 4983C110                add r9, 16
   175 00000101 4939C9                  cmp r9, rcx
   176 00000104 0F8C5BFFFFFF            jl inner_loop
   177                                 
   178                                 
   179 0000010A 4883C710                add rdi, 16
   180 0000010E 4883C610                add rsi, 16
   181                                 
   182                                 
   183 00000112 49FFC0                  inc r8
   184 00000115 4C39C2                  cmp rdx, r8
   185 00000118 0F8544FFFFFF            jne outer_loop
   186                                 
   187                                  clean_and_return:
   188                                 
   189 0000011E 4883C448                add rsp, 72
   190 00000122 5D                      pop rbp
   191 00000123 48C7C001000000          mov rax, 1
   192 0000012A C3                      ret
   193                                 
   194                                 
   195                                  invalid_image_size:
   196                                 
   197                                 
   198                                 
   199 0000012B EBEF                    jmp clean_and_return
   200                                 
   201                                  print_pointer_subroutine:
   202 0000012D 55                      push rbp
   203 0000012E 4889E5                  mov rbp, rsp
   204 00000131 4883EC50                sub rsp, 80
   205                                 
   206 00000135 48897C2408              mov [rsp+8], rdi
   207 0000013A 4889742410              mov [rsp+16], rsi
   208 0000013F 4889542418              mov [rsp+24], rdx
   209 00000144 48894C2420              mov [rsp+32], rcx
   210 00000149 4C89442428              mov [rsp+40], r8
   211 0000014E 4C894C2430              mov [rsp+48], r9
   212 00000153 4C89542438              mov [rsp+56], r10
   213 00000158 4C895C2440              mov [rsp+64], r11
   214                                 
   215 0000015D 48C7C7[00000000]        mov rdi, print_pointer
   216 00000164 488B742408              mov rsi, [rsp+8]
   217 00000169 E8(F6FFFFFF)            call printf
   218                                 
   219 0000016E 488B7C2408              mov rdi, [rsp+8]
   220 00000173 488B742410              mov rsi, [rsp+16]
   221 00000178 488B542418              mov rdx, [rsp+24]
   222 0000017D 488B4C2420              mov rcx, [rsp+32]
   223 00000182 4C8B442428              mov r8, [rsp+40]
   224 00000187 4C8B4C2430              mov r9, [rsp+48]
   225 0000018C 4C8B542438              mov r10, [rsp+56]
   226 00000191 4C8B5C2440              mov r11, [rsp+64]
   227                                 
   228 00000196 4883C450                add rsp, 80
   229 0000019A 5D                      pop rbp
   230 0000019B C3                      ret
